../Core/Src/main.c:90:5:main	8	static
../Core/Src/main.c:166:6:SystemClock_Config	96	static
../Core/Src/main.c:212:13:MX_ADC1_Init	48	static
../Core/Src/main.c:278:13:MX_DAC1_Init	24	static
../Core/Src/main.c:318:13:MX_DAC2_Init	24	static
../Core/Src/main.c:358:13:MX_TIM6_Init	24	static
../Core/Src/main.c:396:13:MX_USART2_UART_Init	8	static
../Core/Src/main.c:430:13:MX_DMA_Init	16	static
../Core/Src/main.c:448:13:MX_GPIO_Init	48	static
../Core/Src/main.c:530:6:HAL_ADC_ConvCpltCallback	16	static
../Core/Src/main.c:542:9:digital_read	16	static
../Core/Src/main.c:556:6:digital_write	16	static
../Core/Src/main.c:572:6:HAL_TIM_PeriodElapsedCallback	24	static
../Core/Src/main.c:595:6:intArrayToString	32	static
../Core/Src/main.c:607:6:stream_send	40	static
../Core/Src/main.c:650:10:calcular_crc8	24	static
../Core/Src/main.c:682:6:HAL_UART_RxCpltCallback	16	static
../Core/Src/main.c:709:6:Error_Handler	4	static,ignoring_inline_asm
