../Core/Src/main.c:163:6:SystemClock_Config	96	static,ignoring_inline_asm
../Core/Src/main.c:90:5:main	64	static,ignoring_inline_asm
../Core/Src/main.c:527:6:HAL_ADC_ConvCpltCallback	0	static
../Core/Src/main.c:539:9:digital_read	20	static
../Core/Src/main.c:553:6:digital_write	12	static
../Core/Src/main.c:610:6:intArrayToString	32	static
../Core/Src/main.c:662:10:calcular_crc8	8	static
../Core/Src/main.c:622:6:stream_send	24	static
../Core/Src/main.c:569:6:HAL_TIM_PeriodElapsedCallback	8	static
../Core/Src/main.c:695:6:HAL_UART_RxCpltCallback	4	static
../Core/Src/main.c:719:6:Error_Handler	0	static,ignoring_inline_asm
